# a-change-is-specified-before-it-is-built	word-unmatched:debrief
# a-change-is-specified-before-it-is-built	word-unmatched:design-spec
# a-change-is-specified-before-it-is-built	word-unmatched:implementation-plan
# a-change-is-specified-before-it-is-built	word-unmatched:post-pass
# a-commit-outlives-its-review	NO-REACH
# a-gate-owns-the-mechanical	NO-REACH
# an-artifact-holds-the-minimum-that-conveys-its-point	NO-REACH
# an-artifact-is-rewritten-until-its-direction-is-agreed	NO-REACH
# an-implementation-follows-test-driven-development	word-unmatched:implementation-plan
# an-outside-contribution-is-applied-not-merged	word-unmatched:not-in-glossary
# an-outside-contribution-is-applied-not-merged	word-unmatched:outside-contribution
# an-unpublished-comment-carries-what-no-other-location-carries	word-unmatched:unpublished-comment
# a-record-is-rewritten-not-amended	NO-REACH
# a-register-belongs-to-one-location	NO-REACH
# a-standard-a-gate-cannot-decide-does-not-become-a-gate	word-unmatched:not-in-glossary
# a-term-belongs-to-the-glossary	NO-REACH
# a-workflow-is-granted-an-identity-not-a-power	word-unmatched:not-in-glossary
# liability-is-recorded-from-the-act-that-makes-it-true	word-unmatched:not-in-glossary
# purba-borrows-from-simplified-technical-english-rather-than-adopting-it	NO-REACH
# purba-meets-the-next-trait-solver-before-it-stabilizes	NO-REACH
# purba-parses-python-with-ruff	NO-REACH
# significance-is-declared-not-detected	word-unmatched:not-in-glossary
# the-glossary-stays-open-and-a-gate-rewrites-each-word-it-avoids	NO-REACH
# the-person-owns-the-decision-outcome	word-unmatched:not-in-glossary
